output 6+2
exit
